// Vitest Snapshot v1, https://vitest.dev/guide/snapshot.html

exports[`XeroRedirect > should render correctly 1`] = `
<body>
  <div>
    <div
      class="MuiBox-root css-gatsgs"
    >
      <h3
        class="MuiTypography-root MuiTypography-h3 css-gepadz-MuiTypography-root"
      >
        xeroRedirection
      </h3>
      <a
        class=""
        href="/dashboard"
      >
        <button
          class="MuiButtonBase-root MuiButton-root MuiButton-text MuiButton-textPrimary MuiButton-sizeMedium MuiButton-textSizeMedium MuiButton-root MuiButton-text MuiButton-textPrimary MuiButton-sizeMedium MuiButton-textSizeMedium css-1etjjuw-MuiButtonBase-root-MuiButton-root"
          tabindex="0"
          type="button"
        >
          goToDashboard
          <span
            class="MuiTouchRipple-root css-8je8zh-MuiTouchRipple-root"
          />
        </button>
      </a>
      <p
        class="MuiTypography-root MuiTypography-body1 css-1nkhxq8-MuiTypography-root"
      >
        xeroError
         (
        mockError
        )
      </p>
    </div>
  </div>
</body>
`;
